Traceback (most recent call last):
  File "C:\Users\User\.conda\envs\dataviz_venv\lib\site-packages\jupyter_cache\executors\utils.py", line 58, in single_nb_execution
    executenb(
  File "C:\Users\User\.conda\envs\dataviz_venv\lib\site-packages\nbclient\client.py", line 1305, in execute
    return NotebookClient(nb=nb, resources=resources, km=km, **kwargs).execute()
  File "C:\Users\User\.conda\envs\dataviz_venv\lib\site-packages\jupyter_core\utils\__init__.py", line 166, in wrapped
    return loop.run_until_complete(inner)
  File "C:\Users\User\.conda\envs\dataviz_venv\lib\asyncio\base_events.py", line 647, in run_until_complete
    return future.result()
  File "C:\Users\User\.conda\envs\dataviz_venv\lib\site-packages\nbclient\client.py", line 705, in async_execute
    await self.async_execute_cell(
  File "C:\Users\User\.conda\envs\dataviz_venv\lib\site-packages\nbclient\client.py", line 1058, in async_execute_cell
    await self._check_raise_for_error(cell, cell_index, exec_reply)
  File "C:\Users\User\.conda\envs\dataviz_venv\lib\site-packages\nbclient\client.py", line 914, in _check_raise_for_error
    raise CellExecutionError.from_cell_and_msg(cell, exec_reply_content)
nbclient.exceptions.CellExecutionError: An error occurred while executing the following cell:
------------------
# Uso del print
print('Python')

# Uso de la función básica print
print('El número ingresado es ', x)

# Uso del print con varias palabras sin separarla
print('Introducción' 'a' 'la' 'ciencia' 'de' 'datos' 'con' 'Python')

# Uso del print con varias palabras con separación
print('Introducción','a','la','ciencia','de','datos','con','Python')
------------------

----- stdout -----
Python
------------------

[1;31m---------------------------------------------------------------------------[0m
[1;31mNameError[0m                                 Traceback (most recent call last)
Cell [1;32mIn[3], line 5[0m
[0;32m      2[0m [38;5;28mprint[39m([38;5;124m'[39m[38;5;124mPython[39m[38;5;124m'[39m)
[0;32m      4[0m [38;5;66;03m# Uso de la función básica print[39;00m
[1;32m----> 5[0m [38;5;28mprint[39m([38;5;124m'[39m[38;5;124mEl número ingresado es [39m[38;5;124m'[39m, [43mx[49m)
[0;32m      7[0m [38;5;66;03m# Uso del print con varias palabras sin separarla[39;00m
[0;32m      8[0m [38;5;28mprint[39m([38;5;124m'[39m[38;5;124mIntroducción[39m[38;5;124m'[39m [38;5;124m'[39m[38;5;124ma[39m[38;5;124m'[39m [38;5;124m'[39m[38;5;124mla[39m[38;5;124m'[39m [38;5;124m'[39m[38;5;124mciencia[39m[38;5;124m'[39m [38;5;124m'[39m[38;5;124mde[39m[38;5;124m'[39m [38;5;124m'[39m[38;5;124mdatos[39m[38;5;124m'[39m [38;5;124m'[39m[38;5;124mcon[39m[38;5;124m'[39m [38;5;124m'[39m[38;5;124mPython[39m[38;5;124m'[39m)

[1;31mNameError[0m: name 'x' is not defined

